
******** Main Menu ********
* 0.exit 1.JavaBasic(ch2) *
***************************
menu item? 1

************* Ch2 Menu ***********
* 0.exit 1.output 2.readToken    *
* 3.readLine 4.operator 5.switch *
**********************************
menu item? 4
11111111000000001111111111111111
11110000000011111111111111110000

11111111000000000000000011111111
11111111111100000000000000001111
00001111111100000000000000001111

************* Ch2 Menu ***********
* 0.exit 1.output 2.readToken    *
* 3.readLine 4.operator 5.switch *
**********************************
menu item? 0

******** Main Menu ********
* 0.exit 1.JavaBasic(ch2) *
***************************
menu item? 0

Good bye!!
