
******** Main Menu ********
* 0.exit 1.JavaBasic(ch2) *
***************************
menu item? 1

************* Ch2 Menu ***********
* 0.exit 1.output 2.readToken    *
* 3.readLine 4.operator 5.switch *
**********************************
menu item? 3
name? p
name: p
id? 1234567890
id: 1234567890
address? 41-1, Daechi-dong, Gangnam-gu, Seoul
address :41-1, Daechi-dong, Gangnam-gu, Seoul:

************* Ch2 Menu ***********
* 0.exit 1.output 2.readToken    *
* 3.readLine 4.operator 5.switch *
**********************************
menu item? 0

******** Main Menu ********
* 0.exit 1.JavaBasic(ch2) *
***************************
menu item? 0

Good bye!!
